[96mcomponents/GameBoard.tsx[0m:[93m574[0m:[93m40[0m - [91merror[0m[90m TS2352: [0mConversion of type '{ [key: string]: unknown; }' to type 'DamageAnimationData' may be a mistake because neither type sufficiently overlaps with the other. If this was intentional, convert the expression to 'unknown' first.
  Type '{ [key: string]: unknown; }' is missing the following properties from type 'DamageAnimationData': targetId, slotIndex, value, location

[7m574[0m                     const damageData = data as DamageAnimationData;
[7m   [0m [91m                                       ~~~~~~~~~~~~~~~~~~~~~~~~~~~[0m

[96mcomponents/GameBoard.tsx[0m:[93m579[0m:[93m40[0m - [91merror[0m[90m TS2352: [0mConversion of type '{ [key: string]: unknown; }' to type 'EffectAnimationData' may be a mistake because neither type sufficiently overlaps with the other. If this was intentional, convert the expression to 'unknown' first.
  Type '{ [key: string]: unknown; }' is missing the following properties from type 'EffectAnimationData': playerId, slotIndex

[7m579[0m                     const effectData = data as EffectAnimationData;
[7m   [0m [91m                                       ~~~~~~~~~~~~~~~~~~~~~~~~~~~[0m

[96mcomponents/GameBoard.tsx[0m:[93m613[0m:[93m45[0m - [91merror[0m[90m TS2352: [0mConversion of type '{ [key: string]: unknown; }' to type 'DamageAnimationData' may be a mistake because neither type sufficiently overlaps with the other. If this was intentional, convert the expression to 'unknown' first.
  Type '{ [key: string]: unknown; }' is missing the following properties from type 'DamageAnimationData': targetId, slotIndex, value, location

[7m613[0m                 const slotIdx = isDamage ? (data as DamageAnimationData).slotIndex : (data as EffectAnimationData).slotIndex;
[7m   [0m [91m                                            ~~~~~~~~~~~~~~~~~~~~~~~~~~~[0m

[96mcomponents/GameBoard.tsx[0m:[93m613[0m:[93m87[0m - [91merror[0m[90m TS2352: [0mConversion of type '{ [key: string]: unknown; }' to type 'EffectAnimationData' may be a mistake because neither type sufficiently overlaps with the other. If this was intentional, convert the expression to 'unknown' first.
  Type '{ [key: string]: unknown; }' is missing the following properties from type 'EffectAnimationData': playerId, slotIndex

[7m613[0m                 const slotIdx = isDamage ? (data as DamageAnimationData).slotIndex : (data as EffectAnimationData).slotIndex;
[7m   [0m [91m                                                                                      ~~~~~~~~~~~~~~~~~~~~~~~~~~~[0m


Found 4 errors in the same file, starting at: components/GameBoard.tsx[90m:574[0m

